Godot Engine v4.7.2.stable.mono.official.ed1daf0bf - https://godotengine.org


--------------------------------------------------------------------------------------------------
GdUnit4 Comandline Tool
--------------------------------------------------------------------------------------------------
Disabled fail fast!
Set write reports to reports/pagination-affected

Headless mode is ignored by option '--ignoreHeadlessMode'"

Please note that tests that use UI interaction do not work correctly in headless mode.
Godot 'InputEvents' are not transported by the Godot engine in headless mode and therefore
have no effect in the test!

Installing GdUnit4 session system hooks.
Session hook 'GdUnitHtmlTestReporter' installed.
Session hook 'GdUnitXMLTestReporter' installed.
Run Test Suite: res://tests/fullscreen_wizard.gd
  res://tests/fullscreen_wizard.gd > test_fixed_frame_measured_choices_and_actions STARTED
  res://tests/fullscreen_wizard.gd > test_fixed_frame_measured_choices_and_actions PASSED 231ms

  res://tests/fullscreen_wizard.gd > test_long_native_content_has_complete_readable_pages_and_retains_position STARTED
  res://tests/fullscreen_wizard.gd > test_long_native_content_has_complete_readable_pages_and_retains_position PASSED 475ms

Statistics: 2 test cases | 0 errors | 0 failures | 0 flaky | 0 skipped | 0 orphans | PASSED 717ms


Overall Summary: 2 test cases | 0 errors | 0 failures | 0 flaky | 0 skipped | 0 orphans |
Executed test suites: (1/1)
Executed test cases : (2/2)
Total execution time: 717ms
 Open XML Report at: file://reports/pagination-affected/report_1/results.xml
Open HTML Report at: file://reports/pagination-affected/report_1/index.html
Exit code: 0
Run dispose test resources
