Godot Engine v4.7.2.stable.mono.official.ed1daf0bf - https://godotengine.org
OpenGL API 4.1 Metal - 90.5 - Compatibility - Using Device: Apple - Apple M3 Pro

[2J[H[38;2;233;150;122m
--------------------------------------------------------------------------------------------------
GdUnit4 Comandline Tool
--------------------------------------------------------------------------------------------------[0m
[38;2;0;191;255mDisabled fail fast![0m
[38;2;0;191;255mSet write reports to reports/pagination-lifecycle-gdunit[0m
[38;2;100;149;237mInstalling GdUnit4 session system hooks.[0m
[38;2;100;149;237mSession hook 'GdUnitHtmlTestReporter' installed.[0m
[38;2;100;149;237mSession hook 'GdUnitXMLTestReporter' installed.[0m
[38;2;0;206;209mRun Test Suite: [0m[38;2;250;235;215mres://tests/pagination_lifecycle_disposable.gd[0m
  [38;2;250;235;215mres://tests/pagination_lifecycle_disposable.gd[0m[38;2;128;128;128m > [0m[38;2;250;235;215mtest_phone_framed_footer_lifecycle[0m[38;2;34;139;34m STARTED[0m[38;2;128;128;128m[0m
  [38;2;250;235;215mres://tests/pagination_lifecycle_disposable.gd[0m[38;2;128;128;128m > [0m[38;2;250;235;215mtest_phone_framed_footer_lifecycle[0m[38;2;34;139;34m PASSED[0m[38;2;100;149;237m 530ms[0m
[38;2;128;128;128m[0m
  [38;2;250;235;215mres://tests/pagination_lifecycle_disposable.gd[0m[38;2;128;128;128m > [0m[38;2;250;235;215mtest_phone_framed_without_footer_lifecycle[0m[38;2;34;139;34m STARTED[0m[38;2;128;128;128m[0m
  [38;2;250;235;215mres://tests/pagination_lifecycle_disposable.gd[0m[38;2;128;128;128m > [0m[38;2;250;235;215mtest_phone_framed_without_footer_lifecycle[0m[38;2;34;139;34m PASSED[0m[38;2;100;149;237m 533ms[0m
[38;2;128;128;128m[0m
  [38;2;250;235;215mres://tests/pagination_lifecycle_disposable.gd[0m[38;2;128;128;128m > [0m[38;2;250;235;215mtest_phone_ordinary_footer_lifecycle[0m[38;2;34;139;34m STARTED[0m[38;2;128;128;128m[0m
  [38;2;250;235;215mres://tests/pagination_lifecycle_disposable.gd[0m[38;2;128;128;128m > [0m[38;2;250;235;215mtest_phone_ordinary_footer_lifecycle[0m[38;2;34;139;34m PASSED[0m[38;2;100;149;237m 532ms[0m
[38;2;128;128;128m[0m
  [38;2;250;235;215mres://tests/pagination_lifecycle_disposable.gd[0m[38;2;128;128;128m > [0m[38;2;250;235;215mtest_desktop_framed_without_footer_lifecycle[0m[38;2;34;139;34m STARTED[0m[38;2;128;128;128m[0m
  [38;2;250;235;215mres://tests/pagination_lifecycle_disposable.gd[0m[38;2;128;128;128m > [0m[38;2;250;235;215mtest_desktop_framed_without_footer_lifecycle[0m[38;2;34;139;34m PASSED[0m[38;2;100;149;237m 534ms[0m
[38;2;128;128;128m[0m
[38;2;30;144;255mStatistics:[0m[38;2;128;128;128m 4 test cases | 0 errors | 0 failures | 0 flaky | 0 skipped | 0 orphans |[0m[38;2;34;139;34m PASSED[0m[38;2;100;149;237m 2s 137ms[0m
[38;2;128;128;128m[0m
[38;2;128;128;128m[0m
[38;2;30;144;255mOverall Summary:[0m[38;2;255;255;255m 4 test cases | 0 errors | 0 failures | 0 flaky | 0 skipped | 0 orphans |[0m
[38;2;233;150;122mExecuted test suites: (1/1)[0m
[38;2;233;150;122mExecuted test cases : (4/4)[0m
[38;2;233;150;122mTotal execution time: 2s 137ms[0m
[38;2;255;255;255m [0m[38;2;100;149;237mOpen XML Report at: file://reports/pagination-lifecycle-gdunit/report_1/results.xml[0m
[38;2;100;149;237mOpen HTML Report at: file://reports/pagination-lifecycle-gdunit/report_1/index.html[0m
[38;2;233;150;122mExit code: 0[0m
Run dispose test resources
