Godot Engine v4.7.2.stable.mono.official.ed1daf0bf - https://godotengine.org
OpenGL API 4.1 Metal - 90.5 - Compatibility - Using Device: Apple - Apple M3 Pro

GdUnit default case deadline: 90s (scale 1)

--------------------------------------------------------------------------------------------------
GdUnit4 Comandline Tool
--------------------------------------------------------------------------------------------------
Disabled fail fast!
Set write reports to reports/NativeHudDelivery-7e8567c8445a495092e3197101306b5e
Installing GdUnit4 session system hooks.
Session hook 'GdUnitHtmlTestReporter' installed.
Session hook 'GdUnitXMLTestReporter' installed.
Run Test Suite: res://tests/NativeHudDelivery.gd
  res://tests/NativeHudDelivery.gd > test_published_hud_native_delivery STARTED
Test deadline scale: 1
RFG344 public Manifest authority installation complete: https://github.com/rookframe/rookframe-mork-borg/releases/download/v1.0.123/0404eb56-ef27-4b1a-8385-27e4e3ec907e-1.0.123.json version=1.0.123
RFG344 scoped public SDK: res://rookframe/package-artifacts/50ba3d41-52be-4559-aa88-5ce30fc16613/package/sdk/package_sdk_facade.gd
RFG344 native mouse: requested=(997.4286, 994.0) viewport=(997.4286, 994.0) hover=/root/NativeHudDelivery/@Node@3/Authority1/TabletopWorkspace/WorldContentSurface/CharacterHudLayer/CharacterHud/Bar/Categories/Attacks
RFG344 native button signal count: /root/NativeHudDelivery/@Node@3/Authority1/TabletopWorkspace/WorldContentSurface/CharacterHudLayer/CharacterHud/Bar/Categories/Attacks pressed=1 panel=true
RFG344 ShowAll before: false rect=[P: (1051.429, 796.0), S: (120.0, 48.0)] rows=0
RFG344 native mouse: requested=(1111.429, 820.0) viewport=(1111.429, 820.0) hover=/root/NativeHudDelivery/@Node@3/Authority1/TabletopWorkspace/WorldContentSurface/CharacterHudLayer/CharacterHud/Panel/Header/ShowAll
RFG344 native button signal count: /root/NativeHudDelivery/@Node@3/Authority1/TabletopWorkspace/WorldContentSurface/CharacterHudLayer/CharacterHud/Panel/Header/ShowAll pressed=1 panel=true
RFG344 ShowAll after: true rows=3 panel=true
RFG344 favorite control: [P: (1171.429, 716.0), S: (44.0, 64.0)] visible=true disabled=false toggle=true
RFG344 native mouse: requested=(1193.429, 748.0) viewport=(1193.429, 748.0) hover=/root/NativeHudDelivery/@Node@3/Authority1/TabletopWorkspace/WorldContentSurface/CharacterHudLayer/CharacterHud/Panel/List/Row/Favorite
RFG344 native button signal count: /root/NativeHudDelivery/@Node@3/Authority1/TabletopWorkspace/WorldContentSurface/CharacterHudLayer/CharacterHud/Panel/List/Row/Favorite pressed=1 panel=true
RFG344 favorite native toggles=1 pressed=true
RFG344 separate native Participant process started: /Users/artembohulenkov/Projects/rookframe-godot-rfg344/rookframe/reports/NativeHudParticipant-c93e8e9287c644ca914707c0c5d5865d
RFG344 fresh native experience: desktop phone=false tablet=false
RFG344 native mouse: requested=(356.0, 970.0) viewport=(356.0, 970.0) hover=/root/NativeHudDelivery/@Node@3/Authority2/TabletopWorkspace/WorldContentSurface/CharacterHudLayer/CharacterHud/Bar/Dice
RFG344 native button signal count: /root/NativeHudDelivery/@Node@3/Authority2/TabletopWorkspace/WorldContentSurface/CharacterHudLayer/CharacterHud/Bar/Dice pressed=1 panel=false
RFG344 native mouse: requested=(46.0, 102.0) viewport=(46.0, 102.0) hover=/root/NativeHudDelivery/@Node@3/Authority2/TabletopWorkspace/WorkspaceSafeArea/RailsLayer/LeftRail/RailPanel/Margin/RailStack/DiceEntry
RFG344 native button signal count: /root/NativeHudDelivery/@Node@3/Authority2/TabletopWorkspace/WorkspaceSafeArea/RailsLayer/LeftRail/RailPanel/Margin/RailStack/DiceEntry pressed=1 panel=false
RFG344 native mouse: requested=(877.1429, 994.0) viewport=(877.1429, 994.0) hover=/root/NativeHudDelivery/@Node@3/Authority2/TabletopWorkspace/WorldContentSurface/CharacterHudLayer/CharacterHud/Bar/Categories/Abilities
RFG344 native button signal count: /root/NativeHudDelivery/@Node@3/Authority2/TabletopWorkspace/WorldContentSurface/CharacterHudLayer/CharacterHud/Bar/Categories/Abilities pressed=1 panel=true
RFG344 native mouse: requested=(1073.143, 632.5) viewport=(1073.143, 632.5) hover=/root/NativeHudDelivery/@Node@3/Authority2/TabletopWorkspace/WorldContentSurface/CharacterHudLayer/CharacterHud/Panel/Header/Close
RFG344 native button signal count: /root/NativeHudDelivery/@Node@3/Authority2/TabletopWorkspace/WorldContentSurface/CharacterHudLayer/CharacterHud/Panel/Header/Close pressed=1 panel=false
RFG344 native mouse: requested=(1117.714, 994.0) viewport=(1117.714, 994.0) hover=/root/NativeHudDelivery/@Node@3/Authority2/TabletopWorkspace/WorldContentSurface/CharacterHudLayer/CharacterHud/Bar/Categories/Powers
RFG344 native button signal count: /root/NativeHudDelivery/@Node@3/Authority2/TabletopWorkspace/WorldContentSurface/CharacterHudLayer/CharacterHud/Bar/Categories/Powers pressed=1 panel=true
RFG344 native mouse: requested=(1313.714, 824.5) viewport=(1313.714, 824.5) hover=/root/NativeHudDelivery/@Node@3/Authority2/TabletopWorkspace/WorldContentSurface/CharacterHudLayer/CharacterHud/Panel/Header/Close
RFG344 native button signal count: /root/NativeHudDelivery/@Node@3/Authority2/TabletopWorkspace/WorldContentSurface/CharacterHudLayer/CharacterHud/Panel/Header/Close pressed=1 panel=false
RFG344 native mouse: requested=(997.4286, 994.0) viewport=(997.4286, 994.0) hover=/root/NativeHudDelivery/@Node@3/Authority2/TabletopWorkspace/WorldContentSurface/CharacterHudLayer/CharacterHud/Bar/Categories/Attacks
RFG344 native button signal count: /root/NativeHudDelivery/@Node@3/Authority2/TabletopWorkspace/WorldContentSurface/CharacterHudLayer/CharacterHud/Bar/Categories/Attacks pressed=1 panel=true
RFG344 native mouse: requested=(1147.429, 876.0) viewport=(1147.429, 876.0) hover=/root/NativeHudDelivery/@Node@3/Authority2/TabletopWorkspace/WorldContentSurface/CharacterHudLayer/CharacterHud/Panel/List/Row/FullName
RFG344 native button signal count: /root/NativeHudDelivery/@Node@3/Authority2/TabletopWorkspace/WorldContentSurface/CharacterHudLayer/CharacterHud/Panel/List/Row/FullName pressed=1 panel=true
RFG344 native mouse: requested=(1193.429, 804.5) viewport=(1193.429, 804.5) hover=/root/NativeHudDelivery/@Node@3/Authority2/TabletopWorkspace/WorldContentSurface/CharacterHudLayer/CharacterHud/Panel/Header/Close
RFG344 native button signal count: /root/NativeHudDelivery/@Node@3/Authority2/TabletopWorkspace/WorldContentSurface/CharacterHudLayer/CharacterHud/Panel/Header/Close pressed=1 panel=true
RFG344 native mouse: requested=(1111.429, 820.0) viewport=(1111.429, 820.0) hover=/root/NativeHudDelivery/@Node@3/Authority2/TabletopWorkspace/WorldContentSurface/CharacterHudLayer/CharacterHud/Panel/Header/ShowAll
RFG344 native button signal count: /root/NativeHudDelivery/@Node@3/Authority2/TabletopWorkspace/WorldContentSurface/CharacterHudLayer/CharacterHud/Panel/Header/ShowAll pressed=1 panel=true
RFG344 native mouse: requested=(1046.429, 886.0) viewport=(1046.429, 886.0) hover=/root/NativeHudDelivery/@Node@3/Authority2/TabletopWorkspace/WorldContentSurface/CharacterHudLayer/CharacterHud/Panel/Footer/Next
RFG344 native button signal count: /root/NativeHudDelivery/@Node@3/Authority2/TabletopWorkspace/WorldContentSurface/CharacterHudLayer/CharacterHud/Panel/Footer/Next pressed=1 panel=true
RFG344 native mouse: requested=(1193.429, 588.5) viewport=(1193.429, 588.5) hover=/root/NativeHudDelivery/@Node@3/Authority2/TabletopWorkspace/WorldContentSurface/CharacterHudLayer/CharacterHud/Panel/Header/Close
RFG344 native button signal count: /root/NativeHudDelivery/@Node@3/Authority2/TabletopWorkspace/WorldContentSurface/CharacterHudLayer/CharacterHud/Panel/Header/Close pressed=1 panel=false
RFG344 native mouse: requested=(1238.0, 994.0) viewport=(1238.0, 994.0) hover=/root/NativeHudDelivery/@Node@3/Authority2/TabletopWorkspace/WorldContentSurface/CharacterHudLayer/CharacterHud/Bar/Categories/Items
RFG344 native button signal count: /root/NativeHudDelivery/@Node@3/Authority2/TabletopWorkspace/WorldContentSurface/CharacterHudLayer/CharacterHud/Bar/Categories/Items pressed=1 panel=true
RFG344 native mouse: requested=(1352.0, 820.0) viewport=(1352.0, 820.0) hover=/root/NativeHudDelivery/@Node@3/Authority2/TabletopWorkspace/WorldContentSurface/CharacterHudLayer/CharacterHud/Panel/Header/ShowAll
RFG344 native button signal count: /root/NativeHudDelivery/@Node@3/Authority2/TabletopWorkspace/WorldContentSurface/CharacterHudLayer/CharacterHud/Panel/Header/ShowAll pressed=1 panel=true
RFG344 native mouse: requested=(1434.0, 824.5) viewport=(1434.0, 824.5) hover=/root/NativeHudDelivery/@Node@3/Authority2/TabletopWorkspace/WorldContentSurface/CharacterHudLayer/CharacterHud/Panel/Header/Close
RFG344 native button signal count: /root/NativeHudDelivery/@Node@3/Authority2/TabletopWorkspace/WorldContentSurface/CharacterHudLayer/CharacterHud/Panel/Header/Close pressed=1 panel=false
RFG344 native mouse: requested=(1358.286, 994.0) viewport=(1358.286, 994.0) hover=/root/NativeHudDelivery/@Node@3/Authority2/TabletopWorkspace/WorldContentSurface/CharacterHudLayer/CharacterHud/Bar/Categories/Features
RFG344 native button signal count: /root/NativeHudDelivery/@Node@3/Authority2/TabletopWorkspace/WorldContentSurface/CharacterHudLayer/CharacterHud/Bar/Categories/Features pressed=1 panel=true
RFG344 native mouse: requested=(1472.286, 820.0) viewport=(1472.286, 820.0) hover=/root/NativeHudDelivery/@Node@3/Authority2/TabletopWorkspace/WorldContentSurface/CharacterHudLayer/CharacterHud/Panel/Header/ShowAll
RFG344 native button signal count: /root/NativeHudDelivery/@Node@3/Authority2/TabletopWorkspace/WorldContentSurface/CharacterHudLayer/CharacterHud/Panel/Header/ShowAll pressed=1 panel=true
RFG344 native mouse: requested=(1554.286, 824.5) viewport=(1554.286, 824.5) hover=/root/NativeHudDelivery/@Node@3/Authority2/TabletopWorkspace/WorldContentSurface/CharacterHudLayer/CharacterHud/Panel/Header/Close
RFG344 native button signal count: /root/NativeHudDelivery/@Node@3/Authority2/TabletopWorkspace/WorldContentSurface/CharacterHudLayer/CharacterHud/Panel/Header/Close pressed=1 panel=false
RFG344 native mouse: requested=(1598.857, 994.0) viewport=(1598.857, 994.0) hover=/root/NativeHudDelivery/@Node@3/Authority2/TabletopWorkspace/WorldContentSurface/CharacterHudLayer/CharacterHud/Bar/Categories/Recovery
RFG344 native button signal count: /root/NativeHudDelivery/@Node@3/Authority2/TabletopWorkspace/WorldContentSurface/CharacterHudLayer/CharacterHud/Bar/Categories/Recovery pressed=1 panel=true
RFG344 native mouse: requested=(1630.0, 696.5) viewport=(1630.0, 696.5) hover=/root/NativeHudDelivery/@Node@3/Authority2/TabletopWorkspace/WorldContentSurface/CharacterHudLayer/CharacterHud/Panel/Header/Close
RFG344 native button signal count: /root/NativeHudDelivery/@Node@3/Authority2/TabletopWorkspace/WorldContentSurface/CharacterHudLayer/CharacterHud/Panel/Header/Close pressed=1 panel=false
RFG344 native mouse: requested=(997.4286, 994.0) viewport=(997.4286, 994.0) hover=/root/NativeHudDelivery/@Node@3/Authority2/TabletopWorkspace/WorldContentSurface/CharacterHudLayer/CharacterHud/Bar/Categories/Attacks
RFG344 native button signal count: /root/NativeHudDelivery/@Node@3/Authority2/TabletopWorkspace/WorldContentSurface/CharacterHudLayer/CharacterHud/Bar/Categories/Attacks pressed=1 panel=true
RFG344 native mouse: requested=(1193.429, 588.5) viewport=(1193.429, 588.5) hover=/root/NativeHudDelivery/@Node@3/Authority2/TabletopWorkspace/WorldContentSurface/CharacterHudLayer/CharacterHud/Panel/Header/Close
RFG344 native button signal count: /root/NativeHudDelivery/@Node@3/Authority2/TabletopWorkspace/WorldContentSurface/CharacterHudLayer/CharacterHud/Panel/Header/Close pressed=1 panel=false
RFG344 native mouse: requested=(997.4286, 994.0) viewport=(997.4286, 994.0) hover=/root/NativeHudDelivery/@Node@3/Authority2/TabletopWorkspace/WorldContentSurface/ManagedSurface_rookframe_actors/Sections/BodyRegion/BodyPadding/Body/TaskSlot/ActorsTask/Summary
RFG344 native button signal count: /root/NativeHudDelivery/@Node@3/Authority2/TabletopWorkspace/WorldContentSurface/CharacterHudLayer/CharacterHud/Bar/Categories/Attacks pressed=0 panel=false
RFG344 native mouse: requested=(634.0, 994.0) viewport=(634.0, 994.0) hover=/root/NativeHudDelivery/@Node@3/Authority2/TabletopWorkspace/WorldContentSurface/CharacterHudLayer/CharacterHud/Bar/Identity
RFG344 native button signal count: /root/NativeHudDelivery/@Node@3/Authority2/TabletopWorkspace/WorldContentSurface/CharacterHudLayer/CharacterHud/Bar/Identity pressed=1 panel=false
RFG344 native mouse: requested=(997.4286, 994.0) viewport=(997.4286, 994.0) hover=/root/NativeHudDelivery/@Node@3/Authority2/TabletopWorkspace/WorldContentSurface/ManagedSurface_package_0404eb56_ef27_4b1a_8385_27e4e3ec907e_1983519922460/Sections/BodyRegion/BodyPadding/Body/TaskSlot/CharacterSurface/Margin/Layout/Body/Chapter/Collections/Primary/Area
RFG344 native button signal count: /root/NativeHudDelivery/@Node@3/Authority2/TabletopWorkspace/WorldContentSurface/CharacterHudLayer/CharacterHud/Bar/Categories/Attacks pressed=0 panel=false
RFG344 native mouse: requested=(179.5, 644.0) viewport=(179.5, 644.0) hover=/root/NativeHudDelivery/@Node@3/Authority2/TabletopWorkspace/WorldContentSurface/ManagedSurface_package_0404eb56_ef27_4b1a_8385_27e4e3ec907e_1983519922460/Sections/BodyRegion/BodyPadding/Body/TaskSlot/CharacterSurface/Margin/Layout/Body/Core/WeaponActions/Attack
RFG344 native button signal count: /root/NativeHudDelivery/@Node@3/Authority2/TabletopWorkspace/WorldContentSurface/ManagedSurface_package_0404eb56_ef27_4b1a_8385_27e4e3ec907e_1983519922460/Sections/BodyRegion/BodyPadding/Body/TaskSlot/CharacterSurface/Margin/Layout/Body/Core/WeaponActions/Attack pressed=1 panel=false
RFG344 Sheet completed physics: detail=workflow:attack action=resolved visible primaries=1
RFG344 visible sheet action: /root/NativeHudDelivery/@Node@3/Authority2/TabletopWorkspace/WorldContentSurface/ManagedSurface_package_0404eb56_ef27_4b1a_8385_27e4e3ec907e_1983519922460/Sections/BodyRegion/BodyPadding/Body/TaskSlot/CharacterSurface/Margin/Layout/Header/Name text=Veyra rect=[P: (45.0, 17.0), S: (1396.0, 48.0)] disabled=false
RFG344 visible sheet action: /root/NativeHudDelivery/@Node@3/Authority2/TabletopWorkspace/WorldContentSurface/ManagedSurface_package_0404eb56_ef27_4b1a_8385_27e4e3ec907e_1983519922460/Sections/BodyRegion/BodyPadding/Body/TaskSlot/CharacterSurface/Margin/Layout/Header/Edit text=Edit sheet rect=[P: (1530.0, 17.0), S: (127.0, 48.0)] disabled=false
RFG344 visible sheet action: /root/NativeHudDelivery/@Node@3/Authority2/TabletopWorkspace/WorldContentSurface/ManagedSurface_package_0404eb56_ef27_4b1a_8385_27e4e3ec907e_1983519922460/Sections/BodyRegion/BodyPadding/Body/TaskSlot/CharacterSurface/Margin/Layout/Header/Rest text=Rest rect=[P: (1665.0, 17.0), S: (86.0, 48.0)] disabled=false
RFG344 visible sheet action: /root/NativeHudDelivery/@Node@3/Authority2/TabletopWorkspace/WorldContentSurface/ManagedSurface_package_0404eb56_ef27_4b1a_8385_27e4e3ec907e_1983519922460/Sections/BodyRegion/BodyPadding/Body/TaskSlot/CharacterSurface/Margin/Layout/Header/Improve text=Level up rect=[P: (1759.0, 17.0), S: (116.0, 48.0)] disabled=false
RFG344 visible sheet action: /root/NativeHudDelivery/@Node@3/Authority2/TabletopWorkspace/WorldContentSurface/ManagedSurface_package_0404eb56_ef27_4b1a_8385_27e4e3ec907e_1983519922460/Sections/BodyRegion/BodyPadding/Body/TaskSlot/CharacterSurface/Margin/Layout/Body/Core/Origin text= rect=[P: (45.0, 120.0), S: (550.0, 44.0)] disabled=false
RFG344 visible sheet action: /root/NativeHudDelivery/@Node@3/Authority2/TabletopWorkspace/WorldContentSurface/ManagedSurface_package_0404eb56_ef27_4b1a_8385_27e4e3ec907e_1983519922460/Sections/BodyRegion/BodyPadding/Body/TaskSlot/CharacterSurface/Margin/Layout/Body/Core/Likeness/Vitals/HitPoints text= rect=[P: (219.0, 176.0), S: (376.0, 62.0)] disabled=false
RFG344 visible sheet action: /root/NativeHudDelivery/@Node@3/Authority2/TabletopWorkspace/WorldContentSurface/ManagedSurface_package_0404eb56_ef27_4b1a_8385_27e4e3ec907e_1983519922460/Sections/BodyRegion/BodyPadding/Body/TaskSlot/CharacterSurface/Margin/Layout/Body/Core/Likeness/Vitals/PowerUses text= rect=[P: (219.0, 242.0), S: (376.0, 62.0)] disabled=false
RFG344 visible sheet action: /root/NativeHudDelivery/@Node@3/Authority2/TabletopWorkspace/WorldContentSurface/ManagedSurface_package_0404eb56_ef27_4b1a_8385_27e4e3ec907e_1983519922460/Sections/BodyRegion/BodyPadding/Body/TaskSlot/CharacterSurface/Margin/Layout/Body/Core/Likeness/Vitals/Omens text= rect=[P: (219.0, 308.0), S: (376.0, 62.0)] disabled=false
RFG344 visible sheet action: /root/NativeHudDelivery/@Node@3/Authority2/TabletopWorkspace/WorldContentSurface/ManagedSurface_package_0404eb56_ef27_4b1a_8385_27e4e3ec907e_1983519922460/Sections/BodyRegion/BodyPadding/Body/TaskSlot/CharacterSurface/Margin/Layout/Body/Core/Abilities/StrengthRow/Strength text= rect=[P: (45.0, 382.0), S: (267.0, 52.0)] disabled=false
RFG344 visible sheet action: /root/NativeHudDelivery/@Node@3/Authority2/TabletopWorkspace/WorldContentSurface/ManagedSurface_package_0404eb56_ef27_4b1a_8385_27e4e3ec907e_1983519922460/Sections/BodyRegion/BodyPadding/Body/TaskSlot/CharacterSurface/Margin/Layout/Body/Core/Abilities/AgilityRow/Agility text= rect=[P: (328.0, 382.0), S: (267.0, 52.0)] disabled=false
RFG344 visible sheet action: /root/NativeHudDelivery/@Node@3/Authority2/TabletopWorkspace/WorldContentSurface/ManagedSurface_package_0404eb56_ef27_4b1a_8385_27e4e3ec907e_1983519922460/Sections/BodyRegion/BodyPadding/Body/TaskSlot/CharacterSurface/Margin/Layout/Body/Core/Abilities/PresenceRow/Presence text= rect=[P: (45.0, 438.0), S: (267.0, 52.0)] disabled=false
RFG344 visible sheet action: /root/NativeHudDelivery/@Node@3/Authority2/TabletopWorkspace/WorldContentSurface/ManagedSurface_package_0404eb56_ef27_4b1a_8385_27e4e3ec907e_1983519922460/Sections/BodyRegion/BodyPadding/Body/TaskSlot/CharacterSurface/Margin/Layout/Body/Core/Abilities/ToughnessRow/Toughness text= rect=[P: (328.0, 438.0), S: (267.0, 52.0)] disabled=false
RFG344 visible sheet action: /root/NativeHudDelivery/@Node@3/Authority2/TabletopWorkspace/WorldContentSurface/ManagedSurface_package_0404eb56_ef27_4b1a_8385_27e4e3ec907e_1983519922460/Sections/BodyRegion/BodyPadding/Body/TaskSlot/CharacterSurface/Margin/Layout/Body/Core/WeaponHeading/Actions/Options text=Options rect=[P: (502.0, 506.0), S: (79.0, 44.0)] disabled=false
RFG344 visible sheet action: /root/NativeHudDelivery/@Node@3/Authority2/TabletopWorkspace/WorldContentSurface/ManagedSurface_package_0404eb56_ef27_4b1a_8385_27e4e3ec907e_1983519922460/Sections/BodyRegion/BodyPadding/Body/TaskSlot/CharacterSurface/Margin/Layout/Body/Core/Weapon text=Sword · d6 rect=[P: (45.0, 566.0), S: (550.0, 44.0)] disabled=false
RFG344 visible sheet action: /root/NativeHudDelivery/@Node@3/Authority2/TabletopWorkspace/WorldContentSurface/ManagedSurface_package_0404eb56_ef27_4b1a_8385_27e4e3ec907e_1983519922460/Sections/BodyRegion/BodyPadding/Body/TaskSlot/CharacterSurface/Margin/Layout/Body/Core/WeaponActions/Attack text=Attack rect=[P: (45.0, 622.0), S: (269.0, 44.0)] disabled=false
RFG344 visible sheet action: /root/NativeHudDelivery/@Node@3/Authority2/TabletopWorkspace/WorldContentSurface/ManagedSurface_package_0404eb56_ef27_4b1a_8385_27e4e3ec907e_1983519922460/Sections/BodyRegion/BodyPadding/Body/TaskSlot/CharacterSurface/Margin/Layout/Body/Core/WeaponActions/Damage text=Damage rect=[P: (326.0, 622.0), S: (269.0, 44.0)] disabled=false
RFG344 visible sheet action: /root/NativeHudDelivery/@Node@3/Authority2/TabletopWorkspace/WorldContentSurface/ManagedSurface_package_0404eb56_ef27_4b1a_8385_27e4e3ec907e_1983519922460/Sections/BodyRegion/BodyPadding/Body/TaskSlot/CharacterSurface/Margin/Layout/Body/Core/ManageEquipment text=Manage equipment › rect=[P: (45.0, 678.0), S: (550.0, 44.0)] disabled=false
RFG344 visible sheet action: /root/NativeHudDelivery/@Node@3/Authority2/TabletopWorkspace/WorldContentSurface/ManagedSurface_package_0404eb56_ef27_4b1a_8385_27e4e3ec907e_1983519922460/Sections/BodyRegion/BodyPadding/Body/TaskSlot/CharacterSurface/Margin/Layout/Body/Core/Protection text= rect=[P: (45.0, 786.0), S: (550.0, 44.0)] disabled=false
RFG344 visible sheet action: /root/NativeHudDelivery/@Node@3/Authority2/TabletopWorkspace/WorldContentSurface/ManagedSurface_package_0404eb56_ef27_4b1a_8385_27e4e3ec907e_1983519922460/Sections/BodyRegion/BodyPadding/Body/TaskSlot/CharacterSurface/Margin/Layout/Body/Core/Dodge text=Dodge · d20 + Agility rect=[P: (45.0, 842.0), S: (550.0, 44.0)] disabled=false
RFG344 visible sheet action: /root/NativeHudDelivery/@Node@3/Authority2/TabletopWorkspace/WorldContentSurface/ManagedSurface_package_0404eb56_ef27_4b1a_8385_27e4e3ec907e_1983519922460/Sections/BodyRegion/BodyPadding/Body/TaskSlot/CharacterSurface/Margin/Layout/Body/Chapter/Tabs/TabCharacter text=Character rect=[P: (639.0, 81.0), S: (247.0, 48.0)] disabled=false
RFG344 visible sheet action: /root/NativeHudDelivery/@Node@3/Authority2/TabletopWorkspace/WorldContentSurface/ManagedSurface_package_0404eb56_ef27_4b1a_8385_27e4e3ec907e_1983519922460/Sections/BodyRegion/BodyPadding/Body/TaskSlot/CharacterSurface/Margin/Layout/Body/Chapter/Tabs/TabPowers text=Powers rect=[P: (886.0, 81.0), S: (247.0, 48.0)] disabled=false
RFG344 visible sheet action: /root/NativeHudDelivery/@Node@3/Authority2/TabletopWorkspace/WorldContentSurface/ManagedSurface_package_0404eb56_ef27_4b1a_8385_27e4e3ec907e_1983519922460/Sections/BodyRegion/BodyPadding/Body/TaskSlot/CharacterSurface/Margin/Layout/Body/Chapter/Tabs/TabInventory text=Inventory rect=[P: (1133.0, 81.0), S: (247.0, 48.0)] disabled=false
RFG344 visible sheet action: /root/NativeHudDelivery/@Node@3/Authority2/TabletopWorkspace/WorldContentSurface/ManagedSurface_package_0404eb56_ef27_4b1a_8385_27e4e3ec907e_1983519922460/Sections/BodyRegion/BodyPadding/Body/TaskSlot/CharacterSurface/Margin/Layout/Body/Chapter/Tabs/TabJournal text=Journal rect=[P: (1380.0, 81.0), S: (247.0, 48.0)] disabled=false
RFG344 visible sheet action: /root/NativeHudDelivery/@Node@3/Authority2/TabletopWorkspace/WorldContentSurface/ManagedSurface_package_0404eb56_ef27_4b1a_8385_27e4e3ec907e_1983519922460/Sections/BodyRegion/BodyPadding/Body/TaskSlot/CharacterSurface/Margin/Layout/Body/Chapter/Tabs/TabAppearance text=Appearance rect=[P: (1627.0, 81.0), S: (248.0, 48.0)] disabled=false
RFG344 visible sheet action: /root/NativeHudDelivery/@Node@3/Authority2/TabletopWorkspace/WorldContentSurface/ManagedSurface_package_0404eb56_ef27_4b1a_8385_27e4e3ec907e_1983519922460/Sections/BodyRegion/BodyPadding/Body/TaskSlot/CharacterSurface/Margin/Layout/Body/Chapter/Collections/Primary/Area/Rows/TaskChoice text= rect=[P: (647.0, 188.0), S: (594.0, 67.0)] disabled=false
RFG344 visible sheet action: /root/NativeHudDelivery/@Node@3/Authority2/TabletopWorkspace/WorldContentSurface/ManagedSurface_package_0404eb56_ef27_4b1a_8385_27e4e3ec907e_1983519922460/Sections/BodyRegion/BodyPadding/Body/TaskSlot/CharacterSurface/Margin/Layout/Body/Chapter/Collections/Primary/Area/Rows/@Button@402 text= rect=[P: (647.0, 259.0), S: (594.0, 59.0)] disabled=false
RFG344 visible sheet action: /root/NativeHudDelivery/@Node@3/Authority2/TabletopWorkspace/WorldContentSurface/ManagedSurface_package_0404eb56_ef27_4b1a_8385_27e4e3ec907e_1983519922460/Sections/BodyRegion/BodyPadding/Body/TaskSlot/CharacterSurface/Margin/Layout/Body/Chapter/Collections/Primary/Pager/Previous text=‹ rect=[P: (1120.0, 1019.0), S: (44.0, 44.0)] disabled=true
RFG344 visible sheet action: /root/NativeHudDelivery/@Node@3/Authority2/TabletopWorkspace/WorldContentSurface/ManagedSurface_package_0404eb56_ef27_4b1a_8385_27e4e3ec907e_1983519922460/Sections/BodyRegion/BodyPadding/Body/TaskSlot/CharacterSurface/Margin/Layout/Body/Chapter/Collections/Primary/Pager/Next text=› rect=[P: (1205.0, 1019.0), S: (44.0, 44.0)] disabled=true
RFG344 visible sheet action: /root/NativeHudDelivery/@Node@3/Authority2/TabletopWorkspace/WorldContentSurface/ManagedSurface_package_0404eb56_ef27_4b1a_8385_27e4e3ec907e_1983519922460/Sections/BodyRegion/BodyPadding/Body/TaskSlot/CharacterSurface/Margin/Layout/Body/Chapter/Collections/Secondary/Resources/Area/Rows/TaskChoice text= rect=[P: (1273.0, 188.0), S: (594.0, 67.0)] disabled=false
RFG344 visible sheet action: /root/NativeHudDelivery/@Node@3/Authority2/TabletopWorkspace/WorldContentSurface/ManagedSurface_package_0404eb56_ef27_4b1a_8385_27e4e3ec907e_1983519922460/Sections/BodyRegion/BodyPadding/Body/TaskSlot/CharacterSurface/Margin/Layout/Body/Chapter/Collections/Secondary/Resources/Area/Rows/@Button@403 text= rect=[P: (1273.0, 259.0), S: (594.0, 67.0)] disabled=false
RFG344 visible sheet action: /root/NativeHudDelivery/@Node@3/Authority2/TabletopWorkspace/WorldContentSurface/ManagedSurface_package_0404eb56_ef27_4b1a_8385_27e4e3ec907e_1983519922460/Sections/BodyRegion/BodyPadding/Body/TaskSlot/CharacterSurface/Margin/Layout/Body/Chapter/Collections/Secondary/Resources/Area/Rows/@Button@404 text= rect=[P: (1273.0, 330.0), S: (594.0, 67.0)] disabled=false
RFG344 visible sheet action: /root/NativeHudDelivery/@Node@3/Authority2/TabletopWorkspace/WorldContentSurface/ManagedSurface_package_0404eb56_ef27_4b1a_8385_27e4e3ec907e_1983519922460/Sections/BodyRegion/BodyPadding/Body/TaskSlot/CharacterSurface/Margin/Layout/Body/Chapter/Collections/Secondary/Resources/Area/Rows/@Button@405 text= rect=[P: (1273.0, 401.0), S: (594.0, 67.0)] disabled=false
RFG344 visible sheet action: /root/NativeHudDelivery/@Node@3/Authority2/TabletopWorkspace/WorldContentSurface/ManagedSurface_package_0404eb56_ef27_4b1a_8385_27e4e3ec907e_1983519922460/Sections/BodyRegion/BodyPadding/Body/TaskSlot/CharacterSurface/Margin/Layout/Body/Chapter/Collections/Secondary/Resources/Pager/Previous text=‹ rect=[P: (1746.0, 736.0), S: (44.0, 44.0)] disabled=true
RFG344 visible sheet action: /root/NativeHudDelivery/@Node@3/Authority2/TabletopWorkspace/WorldContentSurface/ManagedSurface_package_0404eb56_ef27_4b1a_8385_27e4e3ec907e_1983519922460/Sections/BodyRegion/BodyPadding/Body/TaskSlot/CharacterSurface/Margin/Layout/Body/Chapter/Collections/Secondary/Resources/Pager/Next text=› rect=[P: (1831.0, 736.0), S: (44.0, 44.0)] disabled=true
RFG344 visible sheet action: /root/NativeHudDelivery/@Node@3/Authority2/TabletopWorkspace/WorldContentSurface/ManagedSurface_package_0404eb56_ef27_4b1a_8385_27e4e3ec907e_1983519922460/Sections/BodyRegion/BodyPadding/Body/TaskSlot/CharacterSurface/Margin/Layout/Body/Chapter/Collections/Secondary/Companions/Area/Rows/TaskChoice text= rect=[P: (1273.0, 843.0), S: (594.0, 67.0)] disabled=false
RFG344 visible sheet action: /root/NativeHudDelivery/@Node@3/Authority2/TabletopWorkspace/WorldContentSurface/ManagedSurface_package_0404eb56_ef27_4b1a_8385_27e4e3ec907e_1983519922460/Sections/BodyRegion/BodyPadding/Body/TaskSlot/CharacterSurface/Margin/Layout/Body/Chapter/Collections/Secondary/Companions/Pager/Previous text=‹ rect=[P: (1746.0, 1019.0), S: (44.0, 44.0)] disabled=true
RFG344 visible sheet action: /root/NativeHudDelivery/@Node@3/Authority2/TabletopWorkspace/WorldContentSurface/ManagedSurface_package_0404eb56_ef27_4b1a_8385_27e4e3ec907e_1983519922460/Sections/BodyRegion/BodyPadding/Body/TaskSlot/CharacterSurface/Margin/Layout/Body/Chapter/Collections/Secondary/Companions/Pager/Next text=› rect=[P: (1831.0, 1019.0), S: (44.0, 44.0)] disabled=true
RFG344 visible sheet action: /root/NativeHudDelivery/@Node@3/Authority2/TabletopWorkspace/WorldContentSurface/ManagedSurface_package_0404eb56_ef27_4b1a_8385_27e4e3ec907e_1983519922460/Sections/BodyRegion/BodyPadding/Body/TaskSlot/CharacterSurface/EntryDialog/Surface/Inset/Detail/HeaderFrame/Inset/DetailHeader/Back text=‹ Back rect=[P: (6.0, 10.0), S: (70.0, 44.0)] disabled=false
RFG344 visible sheet action: /root/NativeHudDelivery/@Node@3/Authority2/TabletopWorkspace/WorldContentSurface/ManagedSurface_package_0404eb56_ef27_4b1a_8385_27e4e3ec907e_1983519922460/Sections/BodyRegion/BodyPadding/Body/TaskSlot/CharacterSurface/EntryDialog/Surface/Inset/Detail/HeaderFrame/Inset/DetailHeader/Close text=× rect=[P: (588.0, 10.0), S: (44.0, 44.0)] disabled=false
RFG344 visible sheet action: /root/NativeHudDelivery/@Node@3/Authority2/TabletopWorkspace/WorldContentSurface/ManagedSurface_package_0404eb56_ef27_4b1a_8385_27e4e3ec907e_1983519922460/Sections/BodyRegion/BodyPadding/Body/TaskSlot/CharacterSurface/EntryDialog/Surface/Inset/Detail/FooterFrame/FooterInset/DetailActions/Utility/PagerSlot/Pager/Previous text=‹ rect=[P: (15.0, 499.0), S: (44.0, 44.0)] disabled=false
RFG344 visible sheet action: /root/NativeHudDelivery/@Node@3/Authority2/TabletopWorkspace/WorldContentSurface/ManagedSurface_package_0404eb56_ef27_4b1a_8385_27e4e3ec907e_1983519922460/Sections/BodyRegion/BodyPadding/Body/TaskSlot/CharacterSurface/EntryDialog/Surface/Inset/Detail/FooterFrame/FooterInset/DetailActions/Utility/PagerSlot/Pager/Next text=› rect=[P: (76.0, 499.0), S: (44.0, 44.0)] disabled=false
RFG344 visible sheet action: /root/NativeHudDelivery/@Node@3/Authority2/TabletopWorkspace/WorldContentSurface/ManagedSurface_package_0404eb56_ef27_4b1a_8385_27e4e3ec907e_1983519922460/Sections/BodyRegion/BodyPadding/Body/TaskSlot/CharacterSurface/EntryDialog/Surface/Inset/Detail/FooterFrame/FooterInset/DetailActions/PrimaryAction text=Done rect=[P: (15.0, 550.0), S: (610.0, 48.0)] disabled=false
RFG344 native mouse: requested=(960.0, 809.0) viewport=(960.0, 809.0) hover=none
RFG344 native button signal count: /root/NativeHudDelivery/@Node@3/Authority2/TabletopWorkspace/WorldContentSurface/ManagedSurface_package_0404eb56_ef27_4b1a_8385_27e4e3ec907e_1983519922460/Sections/BodyRegion/BodyPadding/Body/TaskSlot/CharacterSurface/Margin/Layout/Body/Chapter/Detail/FooterFrame/FooterInset/DetailActions/PrimaryAction pressed=1 panel=false
RFG344 native mouse: requested=(460.5, 644.0) viewport=(460.5, 644.0) hover=/root/NativeHudDelivery/@Node@3/Authority2/TabletopWorkspace/WorldContentSurface/ManagedSurface_package_0404eb56_ef27_4b1a_8385_27e4e3ec907e_1983519922460/Sections/BodyRegion/BodyPadding/Body/TaskSlot/CharacterSurface/Margin/Layout/Body/Core/WeaponActions/Damage
RFG344 native button signal count: /root/NativeHudDelivery/@Node@3/Authority2/TabletopWorkspace/WorldContentSurface/ManagedSurface_package_0404eb56_ef27_4b1a_8385_27e4e3ec907e_1983519922460/Sections/BodyRegion/BodyPadding/Body/TaskSlot/CharacterSurface/Margin/Layout/Body/Core/WeaponActions/Damage pressed=1 panel=false
RFG344 Sheet completed physics: detail=workflow:damage action=resolved visible primaries=1
RFG344 visible sheet action: /root/NativeHudDelivery/@Node@3/Authority2/TabletopWorkspace/WorldContentSurface/ManagedSurface_package_0404eb56_ef27_4b1a_8385_27e4e3ec907e_1983519922460/Sections/BodyRegion/BodyPadding/Body/TaskSlot/CharacterSurface/Margin/Layout/Header/Name text=Veyra rect=[P: (45.0, 17.0), S: (1396.0, 48.0)] disabled=false
RFG344 visible sheet action: /root/NativeHudDelivery/@Node@3/Authority2/TabletopWorkspace/WorldContentSurface/ManagedSurface_package_0404eb56_ef27_4b1a_8385_27e4e3ec907e_1983519922460/Sections/BodyRegion/BodyPadding/Body/TaskSlot/CharacterSurface/Margin/Layout/Header/Edit text=Edit sheet rect=[P: (1530.0, 17.0), S: (127.0, 48.0)] disabled=false
RFG344 visible sheet action: /root/NativeHudDelivery/@Node@3/Authority2/TabletopWorkspace/WorldContentSurface/ManagedSurface_package_0404eb56_ef27_4b1a_8385_27e4e3ec907e_1983519922460/Sections/BodyRegion/BodyPadding/Body/TaskSlot/CharacterSurface/Margin/Layout/Header/Rest text=Rest rect=[P: (1665.0, 17.0), S: (86.0, 48.0)] disabled=false
RFG344 visible sheet action: /root/NativeHudDelivery/@Node@3/Authority2/TabletopWorkspace/WorldContentSurface/ManagedSurface_package_0404eb56_ef27_4b1a_8385_27e4e3ec907e_1983519922460/Sections/BodyRegion/BodyPadding/Body/TaskSlot/CharacterSurface/Margin/Layout/Header/Improve text=Level up rect=[P: (1759.0, 17.0), S: (116.0, 48.0)] disabled=false
RFG344 visible sheet action: /root/NativeHudDelivery/@Node@3/Authority2/TabletopWorkspace/WorldContentSurface/ManagedSurface_package_0404eb56_ef27_4b1a_8385_27e4e3ec907e_1983519922460/Sections/BodyRegion/BodyPadding/Body/TaskSlot/CharacterSurface/Margin/Layout/Body/Core/Origin text= rect=[P: (45.0, 120.0), S: (550.0, 44.0)] disabled=false
RFG344 visible sheet action: /root/NativeHudDelivery/@Node@3/Authority2/TabletopWorkspace/WorldContentSurface/ManagedSurface_package_0404eb56_ef27_4b1a_8385_27e4e3ec907e_1983519922460/Sections/BodyRegion/BodyPadding/Body/TaskSlot/CharacterSurface/Margin/Layout/Body/Core/Likeness/Vitals/HitPoints text= rect=[P: (219.0, 176.0), S: (376.0, 62.0)] disabled=false
RFG344 visible sheet action: /root/NativeHudDelivery/@Node@3/Authority2/TabletopWorkspace/WorldContentSurface/ManagedSurface_package_0404eb56_ef27_4b1a_8385_27e4e3ec907e_1983519922460/Sections/BodyRegion/BodyPadding/Body/TaskSlot/CharacterSurface/Margin/Layout/Body/Core/Likeness/Vitals/PowerUses text= rect=[P: (219.0, 242.0), S: (376.0, 62.0)] disabled=false
RFG344 visible sheet action: /root/NativeHudDelivery/@Node@3/Authority2/TabletopWorkspace/WorldContentSurface/ManagedSurface_package_0404eb56_ef27_4b1a_8385_27e4e3ec907e_1983519922460/Sections/BodyRegion/BodyPadding/Body/TaskSlot/CharacterSurface/Margin/Layout/Body/Core/Likeness/Vitals/Omens text= rect=[P: (219.0, 308.0), S: (376.0, 62.0)] disabled=false
RFG344 visible sheet action: /root/NativeHudDelivery/@Node@3/Authority2/TabletopWorkspace/WorldContentSurface/ManagedSurface_package_0404eb56_ef27_4b1a_8385_27e4e3ec907e_1983519922460/Sections/BodyRegion/BodyPadding/Body/TaskSlot/CharacterSurface/Margin/Layout/Body/Core/Abilities/StrengthRow/Strength text= rect=[P: (45.0, 382.0), S: (267.0, 52.0)] disabled=false
RFG344 visible sheet action: /root/NativeHudDelivery/@Node@3/Authority2/TabletopWorkspace/WorldContentSurface/ManagedSurface_package_0404eb56_ef27_4b1a_8385_27e4e3ec907e_1983519922460/Sections/BodyRegion/BodyPadding/Body/TaskSlot/CharacterSurface/Margin/Layout/Body/Core/Abilities/AgilityRow/Agility text= rect=[P: (328.0, 382.0), S: (267.0, 52.0)] disabled=false
RFG344 visible sheet action: /root/NativeHudDelivery/@Node@3/Authority2/TabletopWorkspace/WorldContentSurface/ManagedSurface_package_0404eb56_ef27_4b1a_8385_27e4e3ec907e_1983519922460/Sections/BodyRegion/BodyPadding/Body/TaskSlot/CharacterSurface/Margin/Layout/Body/Core/Abilities/PresenceRow/Presence text= rect=[P: (45.0, 438.0), S: (267.0, 52.0)] disabled=false
RFG344 visible sheet action: /root/NativeHudDelivery/@Node@3/Authority2/TabletopWorkspace/WorldContentSurface/ManagedSurface_package_0404eb56_ef27_4b1a_8385_27e4e3ec907e_1983519922460/Sections/BodyRegion/BodyPadding/Body/TaskSlot/CharacterSurface/Margin/Layout/Body/Core/Abilities/ToughnessRow/Toughness text= rect=[P: (328.0, 438.0), S: (267.0, 52.0)] disabled=false
RFG344 visible sheet action: /root/NativeHudDelivery/@Node@3/Authority2/TabletopWorkspace/WorldContentSurface/ManagedSurface_package_0404eb56_ef27_4b1a_8385_27e4e3ec907e_1983519922460/Sections/BodyRegion/BodyPadding/Body/TaskSlot/CharacterSurface/Margin/Layout/Body/Core/WeaponHeading/Actions/Options text=Options rect=[P: (502.0, 506.0), S: (79.0, 44.0)] disabled=false
RFG344 visible sheet action: /root/NativeHudDelivery/@Node@3/Authority2/TabletopWorkspace/WorldContentSurface/ManagedSurface_package_0404eb56_ef27_4b1a_8385_27e4e3ec907e_1983519922460/Sections/BodyRegion/BodyPadding/Body/TaskSlot/CharacterSurface/Margin/Layout/Body/Core/Weapon text=Sword · d6 rect=[P: (45.0, 566.0), S: (550.0, 44.0)] disabled=false
RFG344 visible sheet action: /root/NativeHudDelivery/@Node@3/Authority2/TabletopWorkspace/WorldContentSurface/ManagedSurface_package_0404eb56_ef27_4b1a_8385_27e4e3ec907e_1983519922460/Sections/BodyRegion/BodyPadding/Body/TaskSlot/CharacterSurface/Margin/Layout/Body/Core/WeaponActions/Attack text=Attack rect=[P: (45.0, 622.0), S: (269.0, 44.0)] disabled=false
RFG344 visible sheet action: /root/NativeHudDelivery/@Node@3/Authority2/TabletopWorkspace/WorldContentSurface/ManagedSurface_package_0404eb56_ef27_4b1a_8385_27e4e3ec907e_1983519922460/Sections/BodyRegion/BodyPadding/Body/TaskSlot/CharacterSurface/Margin/Layout/Body/Core/WeaponActions/Damage text=Damage rect=[P: (326.0, 622.0), S: (269.0, 44.0)] disabled=false
RFG344 visible sheet action: /root/NativeHudDelivery/@Node@3/Authority2/TabletopWorkspace/WorldContentSurface/ManagedSurface_package_0404eb56_ef27_4b1a_8385_27e4e3ec907e_1983519922460/Sections/BodyRegion/BodyPadding/Body/TaskSlot/CharacterSurface/Margin/Layout/Body/Core/ManageEquipment text=Manage equipment › rect=[P: (45.0, 678.0), S: (550.0, 44.0)] disabled=false
RFG344 visible sheet action: /root/NativeHudDelivery/@Node@3/Authority2/TabletopWorkspace/WorldContentSurface/ManagedSurface_package_0404eb56_ef27_4b1a_8385_27e4e3ec907e_1983519922460/Sections/BodyRegion/BodyPadding/Body/TaskSlot/CharacterSurface/Margin/Layout/Body/Core/Protection text= rect=[P: (45.0, 786.0), S: (550.0, 44.0)] disabled=false
RFG344 visible sheet action: /root/NativeHudDelivery/@Node@3/Authority2/TabletopWorkspace/WorldContentSurface/ManagedSurface_package_0404eb56_ef27_4b1a_8385_27e4e3ec907e_1983519922460/Sections/BodyRegion/BodyPadding/Body/TaskSlot/CharacterSurface/Margin/Layout/Body/Core/Dodge text=Dodge · d20 + Agility rect=[P: (45.0, 842.0), S: (550.0, 44.0)] disabled=false
RFG344 visible sheet action: /root/NativeHudDelivery/@Node@3/Authority2/TabletopWorkspace/WorldContentSurface/ManagedSurface_package_0404eb56_ef27_4b1a_8385_27e4e3ec907e_1983519922460/Sections/BodyRegion/BodyPadding/Body/TaskSlot/CharacterSurface/Margin/Layout/Body/Chapter/Tabs/TabCharacter text=Character rect=[P: (639.0, 81.0), S: (247.0, 48.0)] disabled=false
RFG344 visible sheet action: /root/NativeHudDelivery/@Node@3/Authority2/TabletopWorkspace/WorldContentSurface/ManagedSurface_package_0404eb56_ef27_4b1a_8385_27e4e3ec907e_1983519922460/Sections/BodyRegion/BodyPadding/Body/TaskSlot/CharacterSurface/Margin/Layout/Body/Chapter/Tabs/TabPowers text=Powers rect=[P: (886.0, 81.0), S: (247.0, 48.0)] disabled=false
RFG344 visible sheet action: /root/NativeHudDelivery/@Node@3/Authority2/TabletopWorkspace/WorldContentSurface/ManagedSurface_package_0404eb56_ef27_4b1a_8385_27e4e3ec907e_1983519922460/Sections/BodyRegion/BodyPadding/Body/TaskSlot/CharacterSurface/Margin/Layout/Body/Chapter/Tabs/TabInventory text=Inventory rect=[P: (1133.0, 81.0), S: (247.0, 48.0)] disabled=false
RFG344 visible sheet action: /root/NativeHudDelivery/@Node@3/Authority2/TabletopWorkspace/WorldContentSurface/ManagedSurface_package_0404eb56_ef27_4b1a_8385_27e4e3ec907e_1983519922460/Sections/BodyRegion/BodyPadding/Body/TaskSlot/CharacterSurface/Margin/Layout/Body/Chapter/Tabs/TabJournal text=Journal rect=[P: (1380.0, 81.0), S: (247.0, 48.0)] disabled=false
RFG344 visible sheet action: /root/NativeHudDelivery/@Node@3/Authority2/TabletopWorkspace/WorldContentSurface/ManagedSurface_package_0404eb56_ef27_4b1a_8385_27e4e3ec907e_1983519922460/Sections/BodyRegion/BodyPadding/Body/TaskSlot/CharacterSurface/Margin/Layout/Body/Chapter/Tabs/TabAppearance text=Appearance rect=[P: (1627.0, 81.0), S: (248.0, 48.0)] disabled=false
RFG344 visible sheet action: /root/NativeHudDelivery/@Node@3/Authority2/TabletopWorkspace/WorldContentSurface/ManagedSurface_package_0404eb56_ef27_4b1a_8385_27e4e3ec907e_1983519922460/Sections/BodyRegion/BodyPadding/Body/TaskSlot/CharacterSurface/Margin/Layout/Body/Chapter/Collections/Primary/Area/Rows/TaskChoice text= rect=[P: (647.0, 188.0), S: (594.0, 67.0)] disabled=false
RFG344 visible sheet action: /root/NativeHudDelivery/@Node@3/Authority2/TabletopWorkspace/WorldContentSurface/ManagedSurface_package_0404eb56_ef27_4b1a_8385_27e4e3ec907e_1983519922460/Sections/BodyRegion/BodyPadding/Body/TaskSlot/CharacterSurface/Margin/Layout/Body/Chapter/Collections/Primary/Area/Rows/@Button@402 text= rect=[P: (647.0, 259.0), S: (594.0, 59.0)] disabled=false
RFG344 visible sheet action: /root/NativeHudDelivery/@Node@3/Authority2/TabletopWorkspace/WorldContentSurface/ManagedSurface_package_0404eb56_ef27_4b1a_8385_27e4e3ec907e_1983519922460/Sections/BodyRegion/BodyPadding/Body/TaskSlot/CharacterSurface/Margin/Layout/Body/Chapter/Collections/Primary/Pager/Previous text=‹ rect=[P: (1120.0, 1019.0), S: (44.0, 44.0)] disabled=true
RFG344 visible sheet action: /root/NativeHudDelivery/@Node@3/Authority2/TabletopWorkspace/WorldContentSurface/ManagedSurface_package_0404eb56_ef27_4b1a_8385_27e4e3ec907e_1983519922460/Sections/BodyRegion/BodyPadding/Body/TaskSlot/CharacterSurface/Margin/Layout/Body/Chapter/Collections/Primary/Pager/Next text=› rect=[P: (1205.0, 1019.0), S: (44.0, 44.0)] disabled=true
RFG344 visible sheet action: /root/NativeHudDelivery/@Node@3/Authority2/TabletopWorkspace/WorldContentSurface/ManagedSurface_package_0404eb56_ef27_4b1a_8385_27e4e3ec907e_1983519922460/Sections/BodyRegion/BodyPadding/Body/TaskSlot/CharacterSurface/Margin/Layout/Body/Chapter/Collections/Secondary/Resources/Area/Rows/TaskChoice text= rect=[P: (1273.0, 188.0), S: (594.0, 67.0)] disabled=false
RFG344 visible sheet action: /root/NativeHudDelivery/@Node@3/Authority2/TabletopWorkspace/WorldContentSurface/ManagedSurface_package_0404eb56_ef27_4b1a_8385_27e4e3ec907e_1983519922460/Sections/BodyRegion/BodyPadding/Body/TaskSlot/CharacterSurface/Margin/Layout/Body/Chapter/Collections/Secondary/Resources/Area/Rows/@Button@403 text= rect=[P: (1273.0, 259.0), S: (594.0, 67.0)] disabled=false
RFG344 visible sheet action: /root/NativeHudDelivery/@Node@3/Authority2/TabletopWorkspace/WorldContentSurface/ManagedSurface_package_0404eb56_ef27_4b1a_8385_27e4e3ec907e_1983519922460/Sections/BodyRegion/BodyPadding/Body/TaskSlot/CharacterSurface/Margin/Layout/Body/Chapter/Collections/Secondary/Resources/Area/Rows/@Button@404 text= rect=[P: (1273.0, 330.0), S: (594.0, 67.0)] disabled=false
RFG344 visible sheet action: /root/NativeHudDelivery/@Node@3/Authority2/TabletopWorkspace/WorldContentSurface/ManagedSurface_package_0404eb56_ef27_4b1a_8385_27e4e3ec907e_1983519922460/Sections/BodyRegion/BodyPadding/Body/TaskSlot/CharacterSurface/Margin/Layout/Body/Chapter/Collections/Secondary/Resources/Area/Rows/@Button@405 text= rect=[P: (1273.0, 401.0), S: (594.0, 67.0)] disabled=false
RFG344 visible sheet action: /root/NativeHudDelivery/@Node@3/Authority2/TabletopWorkspace/WorldContentSurface/ManagedSurface_package_0404eb56_ef27_4b1a_8385_27e4e3ec907e_1983519922460/Sections/BodyRegion/BodyPadding/Body/TaskSlot/CharacterSurface/Margin/Layout/Body/Chapter/Collections/Secondary/Resources/Pager/Previous text=‹ rect=[P: (1746.0, 736.0), S: (44.0, 44.0)] disabled=true
RFG344 visible sheet action: /root/NativeHudDelivery/@Node@3/Authority2/TabletopWorkspace/WorldContentSurface/ManagedSurface_package_0404eb56_ef27_4b1a_8385_27e4e3ec907e_1983519922460/Sections/BodyRegion/BodyPadding/Body/TaskSlot/CharacterSurface/Margin/Layout/Body/Chapter/Collections/Secondary/Resources/Pager/Next text=› rect=[P: (1831.0, 736.0), S: (44.0, 44.0)] disabled=true
RFG344 visible sheet action: /root/NativeHudDelivery/@Node@3/Authority2/TabletopWorkspace/WorldContentSurface/ManagedSurface_package_0404eb56_ef27_4b1a_8385_27e4e3ec907e_1983519922460/Sections/BodyRegion/BodyPadding/Body/TaskSlot/CharacterSurface/Margin/Layout/Body/Chapter/Collections/Secondary/Companions/Area/Rows/TaskChoice text= rect=[P: (1273.0, 843.0), S: (594.0, 67.0)] disabled=false
RFG344 visible sheet action: /root/NativeHudDelivery/@Node@3/Authority2/TabletopWorkspace/WorldContentSurface/ManagedSurface_package_0404eb56_ef27_4b1a_8385_27e4e3ec907e_1983519922460/Sections/BodyRegion/BodyPadding/Body/TaskSlot/CharacterSurface/Margin/Layout/Body/Chapter/Collections/Secondary/Companions/Pager/Previous text=‹ rect=[P: (1746.0, 1019.0), S: (44.0, 44.0)] disabled=true
RFG344 visible sheet action: /root/NativeHudDelivery/@Node@3/Authority2/TabletopWorkspace/WorldContentSurface/ManagedSurface_package_0404eb56_ef27_4b1a_8385_27e4e3ec907e_1983519922460/Sections/BodyRegion/BodyPadding/Body/TaskSlot/CharacterSurface/Margin/Layout/Body/Chapter/Collections/Secondary/Companions/Pager/Next text=› rect=[P: (1831.0, 1019.0), S: (44.0, 44.0)] disabled=true
RFG344 visible sheet action: /root/NativeHudDelivery/@Node@3/Authority2/TabletopWorkspace/WorldContentSurface/ManagedSurface_package_0404eb56_ef27_4b1a_8385_27e4e3ec907e_1983519922460/Sections/BodyRegion/BodyPadding/Body/TaskSlot/CharacterSurface/EntryDialog/Surface/Inset/Detail/HeaderFrame/Inset/DetailHeader/Back text=‹ Back rect=[P: (6.0, 10.0), S: (70.0, 44.0)] disabled=false
RFG344 visible sheet action: /root/NativeHudDelivery/@Node@3/Authority2/TabletopWorkspace/WorldContentSurface/ManagedSurface_package_0404eb56_ef27_4b1a_8385_27e4e3ec907e_1983519922460/Sections/BodyRegion/BodyPadding/Body/TaskSlot/CharacterSurface/EntryDialog/Surface/Inset/Detail/HeaderFrame/Inset/DetailHeader/Close text=× rect=[P: (588.0, 10.0), S: (44.0, 44.0)] disabled=false
RFG344 visible sheet action: /root/NativeHudDelivery/@Node@3/Authority2/TabletopWorkspace/WorldContentSurface/ManagedSurface_package_0404eb56_ef27_4b1a_8385_27e4e3ec907e_1983519922460/Sections/BodyRegion/BodyPadding/Body/TaskSlot/CharacterSurface/EntryDialog/Surface/Inset/Detail/FooterFrame/FooterInset/DetailActions/PrimaryAction text=Done rect=[P: (15.0, 506.0), S: (610.0, 48.0)] disabled=false
RFG344 native mouse: requested=(960.0, 765.0) viewport=(960.0, 765.0) hover=none
RFG344 native button signal count: /root/NativeHudDelivery/@Node@3/Authority2/TabletopWorkspace/WorldContentSurface/ManagedSurface_package_0404eb56_ef27_4b1a_8385_27e4e3ec907e_1983519922460/Sections/BodyRegion/BodyPadding/Body/TaskSlot/CharacterSurface/Margin/Layout/Body/Chapter/Detail/FooterFrame/FooterInset/DetailActions/PrimaryAction pressed=1 panel=false
RFG344 native mouse: requested=(1876.0, 264.0) viewport=(1876.0, 264.0) hover=/root/NativeHudDelivery/@Node@3/Authority2/TabletopWorkspace/WorkspaceSafeArea/RailsLayer/RightRail/RailPanel/Margin/RailStack/BuilderEntry
RFG344 native button signal count: /root/NativeHudDelivery/@Node@3/Authority2/TabletopWorkspace/WorkspaceSafeArea/RailsLayer/RightRail/RailPanel/Margin/RailStack/BuilderEntry pressed=1 panel=false
RFG344 native mouse: requested=(1876.0, 264.0) viewport=(1876.0, 264.0) hover=/root/NativeHudDelivery/@Node@3/Authority2/TabletopWorkspace/WorkspaceSafeArea/RailsLayer/RightRail/RailPanel/Margin/RailStack/BuilderEntry
RFG344 native button signal count: /root/NativeHudDelivery/@Node@3/Authority2/TabletopWorkspace/WorkspaceSafeArea/RailsLayer/RightRail/RailPanel/Margin/RailStack/BuilderEntry pressed=1 panel=false
RFG344 fresh native experience: tablet phone=false tablet=true
RFG344 native button signal count: /root/NativeHudDelivery/@Node@3/Authority3/TabletopWorkspace/WorldContentSurface/CharacterHudLayer/CharacterHud/Bar/Dice pressed=1 panel=false
RFG344 native button signal count: /root/NativeHudDelivery/@Node@3/Authority3/TabletopWorkspace/WorkspaceSafeArea/RailsLayer/LeftRail/RailPanel/Margin/RailStack/DiceEntry pressed=1 panel=false
RFG344 native button signal count: /root/NativeHudDelivery/@Node@3/Authority3/TabletopWorkspace/WorldContentSurface/CharacterHudLayer/CharacterHud/Bar/Categories/Abilities pressed=1 panel=true
RFG344 native button signal count: /root/NativeHudDelivery/@Node@3/Authority3/TabletopWorkspace/WorldContentSurface/CharacterHudLayer/CharacterHud/Panel/Header/Close pressed=1 panel=false
RFG344 native button signal count: /root/NativeHudDelivery/@Node@3/Authority3/TabletopWorkspace/WorldContentSurface/CharacterHudLayer/CharacterHud/Bar/Categories/Powers pressed=1 panel=true
RFG344 native button signal count: /root/NativeHudDelivery/@Node@3/Authority3/TabletopWorkspace/WorldContentSurface/CharacterHudLayer/CharacterHud/Panel/Header/Close pressed=1 panel=false
RFG344 native button signal count: /root/NativeHudDelivery/@Node@3/Authority3/TabletopWorkspace/WorldContentSurface/CharacterHudLayer/CharacterHud/Bar/Categories/Attacks pressed=1 panel=true
RFG344 native button signal count: /root/NativeHudDelivery/@Node@3/Authority3/TabletopWorkspace/WorldContentSurface/CharacterHudLayer/CharacterHud/Panel/List/Row/FullName pressed=1 panel=true
RFG344 native button signal count: /root/NativeHudDelivery/@Node@3/Authority3/TabletopWorkspace/WorldContentSurface/CharacterHudLayer/CharacterHud/Panel/Header/Close pressed=1 panel=true
RFG344 native button signal count: /root/NativeHudDelivery/@Node@3/Authority3/TabletopWorkspace/WorldContentSurface/CharacterHudLayer/CharacterHud/Panel/Header/ShowAll pressed=1 panel=true
RFG344 native button signal count: /root/NativeHudDelivery/@Node@3/Authority3/TabletopWorkspace/WorldContentSurface/CharacterHudLayer/CharacterHud/Panel/Footer/Next pressed=1 panel=true
RFG344 native button signal count: /root/NativeHudDelivery/@Node@3/Authority3/TabletopWorkspace/WorldContentSurface/CharacterHudLayer/CharacterHud/Panel/Header/Close pressed=1 panel=false
RFG344 native button signal count: /root/NativeHudDelivery/@Node@3/Authority3/TabletopWorkspace/WorldContentSurface/CharacterHudLayer/CharacterHud/Bar/Categories/Items pressed=1 panel=true
RFG344 native button signal count: /root/NativeHudDelivery/@Node@3/Authority3/TabletopWorkspace/WorldContentSurface/CharacterHudLayer/CharacterHud/Panel/Header/ShowAll pressed=1 panel=true
RFG344 native button signal count: /root/NativeHudDelivery/@Node@3/Authority3/TabletopWorkspace/WorldContentSurface/CharacterHudLayer/CharacterHud/Panel/Header/Close pressed=1 panel=false
RFG344 native button signal count: /root/NativeHudDelivery/@Node@3/Authority3/TabletopWorkspace/WorldContentSurface/CharacterHudLayer/CharacterHud/Bar/Categories/Features pressed=1 panel=true
RFG344 native button signal count: /root/NativeHudDelivery/@Node@3/Authority3/TabletopWorkspace/WorldContentSurface/CharacterHudLayer/CharacterHud/Panel/Header/ShowAll pressed=1 panel=true
RFG344 native button signal count: /root/NativeHudDelivery/@Node@3/Authority3/TabletopWorkspace/WorldContentSurface/CharacterHudLayer/CharacterHud/Panel/Header/Close pressed=1 panel=false
RFG344 native button signal count: /root/NativeHudDelivery/@Node@3/Authority3/TabletopWorkspace/WorldContentSurface/CharacterHudLayer/CharacterHud/Bar/Categories/Recovery pressed=1 panel=true
RFG344 native button signal count: /root/NativeHudDelivery/@Node@3/Authority3/TabletopWorkspace/WorldContentSurface/CharacterHudLayer/CharacterHud/Panel/Header/Close pressed=1 panel=false
RFG344 native button signal count: /root/NativeHudDelivery/@Node@3/Authority3/TabletopWorkspace/WorldContentSurface/CharacterHudLayer/CharacterHud/Bar/Categories/Attacks pressed=1 panel=true
RFG344 native button signal count: /root/NativeHudDelivery/@Node@3/Authority3/TabletopWorkspace/WorldContentSurface/CharacterHudLayer/CharacterHud/Panel/Header/Close pressed=1 panel=false
RFG344 native button signal count: /root/NativeHudDelivery/@Node@3/Authority3/TabletopWorkspace/WorldContentSurface/CharacterHudLayer/CharacterHud/Bar/Categories/Attacks pressed=0 panel=false
RFG344 native button signal count: /root/NativeHudDelivery/@Node@3/Authority3/TabletopWorkspace/WorldContentSurface/CharacterHudLayer/CharacterHud/Bar/Identity pressed=1 panel=false
RFG344 native button signal count: /root/NativeHudDelivery/@Node@3/Authority3/TabletopWorkspace/WorldContentSurface/CharacterHudLayer/CharacterHud/Bar/Categories/Attacks pressed=0 panel=false
RFG344 native button signal count: /root/NativeHudDelivery/@Node@3/Authority3/TabletopWorkspace/WorkspaceSafeArea/RailsLayer/RightRail/RailPanel/Margin/RailStack/BuilderEntry pressed=1 panel=false
RFG344 native button signal count: /root/NativeHudDelivery/@Node@3/Authority3/TabletopWorkspace/WorkspaceSafeArea/RailsLayer/RightRail/RailPanel/Margin/RailStack/BuilderEntry pressed=1 panel=false
RFG344 fresh native experience: phone phone=true tablet=false
RFG344 native button signal count: /root/NativeHudDelivery/@Node@3/Authority4/TabletopWorkspace/WorldContentSurface/CharacterHudLayer/CharacterHud/Bar/Dice pressed=1 panel=false
RFG344 native button signal count: /root/NativeHudDelivery/@Node@3/Authority4/TabletopWorkspace/WorkspaceSafeArea/RailsLayer/LeftRail/RailPanel/Margin/RailStack/DiceEntry pressed=1 panel=false
RFG344 native button signal count: /root/NativeHudDelivery/@Node@3/Authority4/TabletopWorkspace/WorldContentSurface/CharacterHudLayer/CharacterHud/Bar/Categories/Abilities pressed=1 panel=true
RFG344 native button signal count: /root/NativeHudDelivery/@Node@3/Authority4/TabletopWorkspace/WorldContentSurface/CharacterHudLayer/CharacterHud/Panel/Header/Close pressed=1 panel=false
RFG344 native button signal count: /root/NativeHudDelivery/@Node@3/Authority4/TabletopWorkspace/WorldContentSurface/CharacterHudLayer/CharacterHud/Bar/Categories/Powers pressed=1 panel=true
RFG344 native button signal count: /root/NativeHudDelivery/@Node@3/Authority4/TabletopWorkspace/WorldContentSurface/CharacterHudLayer/CharacterHud/Panel/Header/Close pressed=1 panel=false
RFG344 native button signal count: /root/NativeHudDelivery/@Node@3/Authority4/TabletopWorkspace/WorldContentSurface/CharacterHudLayer/CharacterHud/Bar/Categories/Attacks pressed=1 panel=true
RFG344 native button signal count: /root/NativeHudDelivery/@Node@3/Authority4/TabletopWorkspace/WorldContentSurface/CharacterHudLayer/CharacterHud/Panel/List/Row/FullName pressed=1 panel=true
RFG344 native button signal count: /root/NativeHudDelivery/@Node@3/Authority4/TabletopWorkspace/WorldContentSurface/CharacterHudLayer/CharacterHud/Panel/Header/Close pressed=1 panel=true
RFG344 native button signal count: /root/NativeHudDelivery/@Node@3/Authority4/TabletopWorkspace/WorldContentSurface/CharacterHudLayer/CharacterHud/Panel/Header/ShowAll pressed=1 panel=true
RFG344 native button signal count: /root/NativeHudDelivery/@Node@3/Authority4/TabletopWorkspace/WorldContentSurface/CharacterHudLayer/CharacterHud/Panel/Footer/Next pressed=1 panel=true
RFG344 native button signal count: /root/NativeHudDelivery/@Node@3/Authority4/TabletopWorkspace/WorldContentSurface/CharacterHudLayer/CharacterHud/Panel/Header/Close pressed=1 panel=false
RFG344 native button signal count: /root/NativeHudDelivery/@Node@3/Authority4/TabletopWorkspace/WorldContentSurface/CharacterHudLayer/CharacterHud/Bar/Categories/Items pressed=1 panel=true
RFG344 native button signal count: /root/NativeHudDelivery/@Node@3/Authority4/TabletopWorkspace/WorldContentSurface/CharacterHudLayer/CharacterHud/Panel/Header/ShowAll pressed=1 panel=true
RFG344 native button signal count: /root/NativeHudDelivery/@Node@3/Authority4/TabletopWorkspace/WorldContentSurface/CharacterHudLayer/CharacterHud/Panel/Header/Close pressed=1 panel=false
RFG344 native button signal count: /root/NativeHudDelivery/@Node@3/Authority4/TabletopWorkspace/WorldContentSurface/CharacterHudLayer/CharacterHud/Bar/Categories/More pressed=1 panel=true
RFG344 native button signal count: /root/NativeHudDelivery/@Node@3/Authority4/TabletopWorkspace/WorldContentSurface/CharacterHudLayer/CharacterHud/Panel/More/Features pressed=1 panel=true
RFG344 native button signal count: /root/NativeHudDelivery/@Node@3/Authority4/TabletopWorkspace/WorldContentSurface/CharacterHudLayer/CharacterHud/Panel/Header/ShowAll pressed=1 panel=true
RFG344 native button signal count: /root/NativeHudDelivery/@Node@3/Authority4/TabletopWorkspace/WorldContentSurface/CharacterHudLayer/CharacterHud/Panel/Header/Close pressed=1 panel=false
RFG344 native button signal count: /root/NativeHudDelivery/@Node@3/Authority4/TabletopWorkspace/WorldContentSurface/CharacterHudLayer/CharacterHud/Bar/Categories/More pressed=1 panel=true
RFG344 native button signal count: /root/NativeHudDelivery/@Node@3/Authority4/TabletopWorkspace/WorldContentSurface/CharacterHudLayer/CharacterHud/Panel/More/Recovery pressed=1 panel=true
RFG344 native button signal count: /root/NativeHudDelivery/@Node@3/Authority4/TabletopWorkspace/WorldContentSurface/CharacterHudLayer/CharacterHud/Panel/Header/Close pressed=1 panel=false
RFG344 native button signal count: /root/NativeHudDelivery/@Node@3/Authority4/TabletopWorkspace/WorldContentSurface/CharacterHudLayer/CharacterHud/Bar/Categories/Attacks pressed=1 panel=true
RFG344 native button signal count: /root/NativeHudDelivery/@Node@3/Authority4/TabletopWorkspace/WorldContentSurface/CharacterHudLayer/CharacterHud/Panel/Header/Close pressed=1 panel=false
RFG344 native button signal count: /root/NativeHudDelivery/@Node@3/Authority4/TabletopWorkspace/WorldContentSurface/CharacterHudLayer/CharacterHud/Bar/Categories/Attacks pressed=0 panel=false
RFG344 native button signal count: /root/NativeHudDelivery/@Node@3/Authority4/TabletopWorkspace/WorldContentSurface/CharacterHudLayer/CharacterHud/Bar/Identity pressed=1 panel=false
RFG344 native button signal count: /root/NativeHudDelivery/@Node@3/Authority4/TabletopWorkspace/WorldContentSurface/CharacterHudLayer/CharacterHud/Bar/Categories/Attacks pressed=0 panel=false
ERROR: Condition "!is_inside_tree()" is true. Returning: Rect2()
   at: get_viewport_rect (scene/main/canvas_item.cpp:1231)
   GDScript backtrace (most recent call first):
       [0] _fit (res://rookframe/ui/components/data/paginated_choices.gd:121)
ERROR: Condition "!is_inside_tree()" is true. Returning: Rect2()
   at: get_viewport_rect (scene/main/canvas_item.cpp:1231)
   GDScript backtrace (most recent call first):
       [0] _fit (res://rookframe/ui/components/data/paginated_choices.gd:122)
ERROR: Condition "!is_inside_tree()" is true. Returning: Rect2()
   at: get_viewport_rect (scene/main/canvas_item.cpp:1231)
   GDScript backtrace (most recent call first):
       [0] _show_page (res://rookframe/ui/components/data/paginated_choices.gd:266)
       [1] _fit (res://rookframe/ui/components/data/paginated_choices.gd:221)
RFG344 native button signal count: /root/NativeHudDelivery/@Node@3/Authority4/TabletopWorkspace/WorkspaceSafeArea/RailsLayer/RightRail/RailPanel/Margin/RailStack/BuilderEntry pressed=1 panel=false
RFG344 native button signal count: /root/NativeHudDelivery/@Node@3/Authority4/TabletopWorkspace/WorkspaceSafeArea/RailsLayer/RightRail/RailPanel/Margin/RailStack/BuilderEntry pressed=1 panel=false
RFG344 Authority durable World reopened.
RFG344 separate Authority/Participant native endpoints PASS
RFG344 native delivery checkpoints complete; fresh JUnit controls acceptance, groups=9
  res://tests/NativeHudDelivery.gd > test_published_hud_native_delivery FAILED 1min 41s 175ms
  Report:
  Expecting:
 must be empty but was
 'GdUnit4.Core.Execution.Exceptions.TestFailedException: Unexpected native Godot errors during the case or cleanup:
scene/main/canvas_item.cpp:1231: get_viewport_rect: Condition "!is_inside_tree()" is true. Returning: Rect2()
scene/main/canvas_item.cpp:1231: get_viewport_rect: Condition "!is_inside_tree()" is true. Returning: Rect2()
scene/main/canvas_item.cpp:1231: get_viewport_rect: Condition "!is_inside_tree()" is true. Returning: Rect2()
   at Rookframe.Manager.App.GodotTestSuite.ReleaseChildren() in /Users/artembohulenkov/Projects/rookframe-godot-rfg344/rookframe/tests/GodotTestSuite.cs:line 109
   at Godot.SignalAwaiter.SignalCallback(IntPtr awaiterGCHandlePtr, godot_variant** args, Int32 argCount, godot_bool* outAwaiterIsNull) in /root/godot/modules/mono/glue/GodotSharp/GodotSharp/Core/SignalAwaiter.cs:line 65
'	at 'after_test' in res://tests/NativeHudDelivery.gd:852  Godot Runtime Error !
  'Condition "!is_inside_tree()" is true. Returning: Rect2()'	at '_fit' in res://rookframe/ui/components/data/paginated_choices.gd:121  Godot Runtime Error !
  'Condition "!is_inside_tree()" is true. Returning: Rect2()'	at '_fit' in res://rookframe/ui/components/data/paginated_choices.gd:122  Godot Runtime Error !
  'Condition "!is_inside_tree()" is true. Returning: Rect2()'	at '_show_page' in res://rookframe/ui/components/data/paginated_choices.gd:266
	at '_fit' in res://rookframe/ui/components/data/paginated_choices.gd:221

Statistics: 1 test cases | 3 errors | 1 failures | 0 flaky | 0 skipped | 0 orphans | PASSED 1min 41s 183ms


Overall Summary: 1 test cases | 3 errors | 1 failures | 0 flaky | 0 skipped | 0 orphans |
Executed test suites: (1/1)
Executed test cases : (1/1)
Total execution time: 1min 41s 183ms
 Open XML Report at: file://reports/NativeHudDelivery-7e8567c8445a495092e3197101306b5e/report_1/results.xml
Open HTML Report at: file://reports/NativeHudDelivery-7e8567c8445a495092e3197101306b5e/report_1/index.html
Exit code: 100
Run dispose test resources
Fresh report: [PosixPath('/Users/artembohulenkov/Projects/rookframe-godot-rfg344/rookframe/reports/NativeHudDelivery-7e8567c8445a495092e3197101306b5e/report_1/results.xml')]
